// Jest Snapshot v1, https://goo.gl/fbAQLP

exports[`About component matches snapshot 1`] = `
<DocumentFragment>
  <div
    class="box container-fluid"
    data-testid="about-container"
    id="about-container"
  >
    <div
      class="row"
    >
      <div
        class="col"
      >
        <h3
          class="text-center"
        >
          About
        </h3>
      </div>
    </div>
    <div
      class="row"
    >
      <div
        class="col"
      >
        <p
          data-testid="about-paragraph"
          id="about-paragraph"
        >
          Litter is 
          <i>
            never
          </i>
           fun to look at. Join the fight and help bust some trash! Below is our trash map. You can use it to mark areas on the map where you have spotted litter. Be sure to add a description if you drop a new pin! You can also delete pins to cleanup sites once all trash has been removed. Thank you for making our community more beautiful!
        </p>
      </div>
    </div>
  </div>
</DocumentFragment>
`;
