// Jest Snapshot v1, https://goo.gl/fbAQLP

exports[`Toaster component matches snapshot when there is an error 1`] = `
<DocumentFragment>
  <div
    class="row"
    data-testid="toaster-container"
  >
    <div
      class="mb-2 col-md-6"
    >
      <div
        aria-atomic="true"
        aria-live="assertive"
        class="fade toast show"
        data-testid="toaster"
        role="alert"
      >
        <div
          class="toast-header"
        >
          <img
            alt=""
            class="rounded me-2"
            src="holder.js/20x20?text=%20"
          />
          <strong
            class="me-auto"
          >
            Error
          </strong>
          <button
            aria-label="Close"
            class="btn-close"
            data-dismiss="toast"
            type="button"
          />
        </div>
        <div
          class="toast-body"
        >
          Something went wrong
        </div>
      </div>
    </div>
  </div>
</DocumentFragment>
`;

exports[`Toaster component matches snapshot when there is no error 1`] = `<DocumentFragment />`;
